BB0001, 19.5000000000,-155.0000000000,1234.000,OHD,NAD83(PA11),19.4969918447,N192949.17064,0.045895,-154.9972202762,W1545949.99299,0.011450,N/A,N/A
BB0002, 19.5000000000,-155.0000000000,1234.000,NAD83(PA11),OHD,19.5030080846,N193010.82910,0.045883,-155.0027797476,W1550010.00709,0.011439,N/A,N/A
BB0003, 23.0000000000,-161.0000000000,   0.000,OHD,NAD83(PA11),22.9968360723,N225948.60986,0.098311,-160.9971843498,W1605949.86366,0.227909,N/A,N/A
BB0004, 23.0000000000,-161.0000000000,   0.000,NAD83(PA11),OHD,***Transformation failure;coordinate is out of bounds***
TU2242, 19.6616056139,-155.0589786833,   0.000,NAD83(1993),NAD83(1986),19.6615963438,N193941.74684,0.000076,-155.0589852532,W1550332.34691,0.000151,N/A,N/A
TU2242, 19.6616056139,-155.0589786833,   0.000,NAD83(1993),OHD,19.6646313788,N193952.67296,0.002927,-155.0617551207,W1550342.31843,0.002634,N/A,N/A
TU2242, 19.6646314444,-155.0617551417,   0.000,OHD,NAD83(1993),19.6616054577,N193941.77965,0.001848,-155.0589787150,W1550332.32337,0.001542,N/A,N/A
TU2083, 19.4758241333,-154.8234222083,  18.473,NAD83(PA11),NAD83(1993),19.4758242913,N192832.96745,0.000155,-154.8234223660,W1544924.32052,0.000103,18.574,0.049
TU2083, 19.4758241333,-154.8234222083,  18.473,NAD83(PA11),NAD83(1986),19.4758130028,N192832.92681,0.000735,-154.8234282586,W1544924.34173,0.000600,N/A,N/A
TU2083, 19.4758241333,-154.8234222083,  18.473,NAD83(PA11),OHD,19.4788360565,N192843.80980,0.028773,-154.8262033838,W1544934.33218,0.006630,N/A,N/A
TU0397, 21.3406651472,-157.8340999306,   0.000,NAD83(1993),NAD83(1986),21.3406513064,N212026.34470,0.000293,-157.8341024100,W1575002.76868,0.000144,N/A,N/A
TU0397, 21.3406651472,-157.8340999306,   0.000,NAD83(1993),OHD,21.3438176638,N212037.74359,0.001622,-157.8368460132,W1575012.64565,0.000798,N/A,N/A
TU0363, 21.3806014444,-157.7557103361,  54.329,NAD83(PA11),NAD83(1993),21.3806015783,N212250.16568,0.000062,-157.7557106063,W1574520.55818,0.000563,54.419,0.018
TU0363, 21.3806014444,-157.7557103361,  54.329,NAD83(PA11),NAD83(1986),21.3805877010,N212250.11572,0.000215,-157.7557128490,W1574520.56626,0.000587,N/A,N/A
TU0363, 21.3806014444,-157.7557103361,  54.329,NAD83(PA11),OHD,21.3837582195,N212301.52959,0.000264,-157.7584570103,W1574530.44524,0.000868,N/A,N/A
AA0002, 18.5007990389,-66.1039231806,  75.001,NAD83(2011),NAD83(1993),18.5007976916,N183002.87169,0.000179,-66.1039277944,W0660614.14006,0.000218,75.189,0.013
AA0003, 18.5007990389,-66.1039231806,  75.001,NAD83(2011),PR40,18.5027901545,N183010.04456,0.001451,-66.1043115733,W0660615.52166,0.003691,N/A,N/A
AA0004, 19.0000000000,-64.0000000000,  15.000,NAD83(2011),PR40,***Transformation failure;coordinate is out of bounds***
AA0005, 19.0000000000,-64.0000000000,  18.000,NAD83(1993),NAD83(1997),***Transformation failure;coordinate is out of bounds***
AA0006, 17.0000000000,-66.0000000000,   0.000,NAD83(1997),NAD83(1993),***Transformation failure;coordinate is out of bounds***
AA0007, 18.3333333333,-64.7000000000,  -4.000,NAD83(1986),NAD83(2011),18.3333434627,N182000.03647,0.000561,-64.7000064496,W0644200.02322,0.000882,N/A,N/A
AA0008, 17.6680555556,-64.7522222222,  25.000,PR40,NAD83(2011),17.6660929191,N173957.93451,0.002943,-64.7518126695,W0644506.52561,0.002377,N/A,N/A
AA0009, 17.6680555556,-64.7522222222,  25.000,NAD83(2011),PR40,17.6700181952,N174012.06550,0.002949,-64.7526317810,W0644509.47441,0.002365,N/A,N/A
AA0010, 17.7027777778,-66.5000000000,1875.000,NAD83(NSRS2007),NAD83(2011),17.7027780936,N174210.00114,0.000026,-66.4999986200,W0662959.99503,0.000013,1875.009,0.001
AA0011, 17.7027777778,-66.5000000000,1875.000,NAD83(2011),NAD83(NSRS2007),17.7027774620,N174209.99886,0.000026,-66.5000013800,W0663000.00497,0.000013,1874.991,0.001
AA0012, 18.1000000000,-67.9000000000,  40.000,PR40,NAD83(1986),18.0980114921,N180552.84137,0.001578,-67.8996315831,W0675358.67370,0.003921,N/A,N/A
AA0013, 18.1000000000,-67.9000000000,  40.000,NAD83(1986),PR40,18.1019885079,N180607.15863,0.001578,-67.9003684169,W0675401.32630,0.003921,N/A,N/A
AA0014, 18.4463888889,-66.1038888889, -87.000,NAD83(1986),NAD83(2011),18.4463985383,N182647.03474,0.001369,-66.1038895007,W0660614.00220,0.000958,N/A,N/A
AA0015, 18.4463888889,-66.1038888889, -87.000,NAD83(2011),NAD83(1986),18.4463792395,N182646.96526,0.001369,-66.1038882771,W0660613.99780,0.000958,N/A,N/A
AA0016, 18.1300342917,-65.4400000000,   0.001,NAD83(1993),NAD83(2002),18.1300351337,N180748.12648,0.000068,-65.4399958858,W0652623.98519,0.000125,-0.110,0.002
AA0017, 18.1300342917,-65.4400000000,   0.001,NAD83(2002),NAD83(1993),18.1300334497,N180748.12042,0.000068,-65.4400041142,W0652624.01481,0.000125,0.112,0.002
AA0018, 17.7955555556,-65.3333333333,   0.000,NAD83(2011),NAD83(2002),17.7955553028,N174743.99909,0.000012,-65.3333346772,W0652000.00484,0.000038,0.014,0.003
AA0019, 17.7955555556,-65.3333333333,   0.000,NAD83(2002),NAD83(2011),17.7955558084,N174744.00091,0.000012,-65.3333319894,W0651959.99516,0.000038,-0.014,0.003
CC0002, 12.0000000000,143.0000000000,   0.000,NAD83(MA11),GU63,***Transformation failure;coordinate is out of bounds***
TW0465, 13.4899550056,144.8292988694, 254.402,NAD83(MA11),NAD83(1993),13.4899569622,N132923.84506,0.000050,144.8293035820,E1444945.49290,0.000047,254.829,0.025
TW0465, 13.4899550056,144.8292988694, 254.402,NAD83(MA11),GU63,13.4885278386,N132918.70022,0.002898,144.8268814079,E1444936.77307,0.005155,N/A,N/A
TW0372, 13.3645554222,144.6502294250,  55.863,NAD83(MA11),NAD83(1993),13.3645574686,N132152.40689,0.000140,144.6502340188,E1443900.84247,0.000078,56.246,0.024
TW0372, 13.3645554222,144.6502294250,  55.863,NAD83(MA11),GU63,13.3631200706,N132147.23225,0.003305,144.6478136982,E1443852.12931,0.006603,N/A,N/A
TW0509, 13.3972421222,144.6851825639,   0.000,GU63,NAD83(1993),13.3986769417,N132355.23699,0.001882,144.6876029198,E1444115.37051,0.004219,N/A,N/A
TW0509, 13.3972421222,144.6851825639,   0.000,GU63,NAD83(MA11),13.3986749281,N132355.22974,0.001883,144.6875982953,E1444115.35386,0.004220,N/A,N/A
AA5093, 20.5462604917,144.9024675444,  64.601,NAD83(MA11),NAD83(1993),20.5462601148,N203246.53641,0.000036,144.9024758434,E1445408.91304,0.000001,65.048,0.009
DG4024, 14.1882574333,145.2770482222, 168.956,NAD83(MA11),NAD83(1993),14.1882591346,N141117.73288,0.000154,145.2770533062,E1451637.39190,0.000259,169.502,0.025
DG4024, 14.1882574333,145.2770482222, 168.956,NAD83(MA11),GU63,14.1868735435,N141112.74476,0.002456,145.2746209338,E1451628.63536,0.002562,N/A,N/A
AA4413, 15.2132721861,145.7357354278, 211.695,NAD83(MA11),NAD83(1993),15.2132734508,N151247.78442,0.000371,145.7357410884,E1454408.66792,0.000064,212.336,0.026
AA4413, 15.2132721861,145.7357354278, 211.695,NAD83(MA11),GU63,15.2119683206,N151243.08595,0.001014,145.7332925738,E1454359.85327,0.000704,N/A,N/A
AA4408, 14.9546902583,145.6506152222, 241.099,NAD83(MA11),NAD83(1993),14.9546916214,N145716.88984,0.000308,145.6506207844,E1453902.23482,0.000055,241.686,0.024
AA4408, 14.9546902583,145.6506152222, 241.099,NAD83(MA11),GU63,14.9533652137,N145712.11477,0.000979,145.6481734472,E1453853.42441,0.001603,N/A,N/A
